---
source: proxy/src/testing.rs
expression: response
---
{
  "request_info": {
    "id": "00000000-0000-0000-0000-000000000000",
    "provider": "anthropic",
    "model": "me/a-test-model",
    "num_retries": 0,
    "was_rate_limited": false
  },
  "response_info": {
    "meta": null,
    "model": "claude-3-haiku-20240307"
  },
  "was_streaming": false,
  "num_chunks": 1,
  "response": {
    "created": 0,
    "model": "claude-3-haiku-20240307",
    "system_fingerprint": null,
    "choices": [
      {
        "index": 0,
        "message": {
          "role": "assistant",
          "content": null,
          "tool_calls": [
            {
              "id": "toolu_018FXg1i7nbT3stUdoysiffi",
              "type": "function",
              "function": {
                "name": "get_characteristics",
                "arguments": "{\"hair_color\":\"brown\",\"name\":\"Daniel\"}"
              }
            }
          ]
        },
        "finish_reason": "tool_use"
      }
    ],
    "usage": {
      "prompt_tokens": 459,
      "completion_tokens": 52,
      "total_tokens": null
    }
  }
}
